
> eagleholdingswebsite@0.1.0 build
> next build

▲ Next.js 16.2.4 (Turbopack)

  Creating an optimized production build ...
✓ Compiled successfully in 3.8s
  Running TypeScript ...
  Finished TypeScript in 100ms ...
  Collecting page data using 7 workers ...
  Generating static pages using 7 workers (0/21) ...
  Generating static pages using 7 workers (5/21) 
  Generating static pages using 7 workers (10/21) 
  Generating static pages using 7 workers (15/21) 
✓ Generating static pages using 7 workers (21/21) in 372ms
  Finalizing page optimization ...

Route (app)
┌ ○ /
├ ○ /_not-found
├ ○ /aml-policy
├ ƒ /api/altcha
├ ƒ /api/contact
├ ƒ /api/onboarding
├ ƒ /api/partner-login
├ ƒ /api/request-credentials
├ ○ /contact
├ ○ /do-not-sell-data
├ ○ /modern-slavery-statement
├ ○ /onboarding
├ ○ /partner-login
├ ○ /partner-portal
├ ○ /privacy-policy
├ ○ /request-credentials
├ ○ /robots.txt
├ ○ /sitemap.xml
└ ○ /terms


○  (Static)   prerendered as static content
ƒ  (Dynamic)  server-rendered on demand

